<html>
<body>
<pre>
<h1>µVision Build Log</h1>
<h2>Project:</h2>
F:\work\Fingerprint_Lock\code\Fingerprint_Lock_v0.1\User\fingerprint_lock.uvproj
Project File Date:  07/28/2017

<h2>Output:</h2>
Build target 'Target 1'
assembling STM32F10x.s...
compiling main.c...
main.c(35): warning:  #550-D: variable "KeyValue" was set but never used
compiling key.c...
compiling motor.c...
compiling lis3dh_driver.c...
compiling spi.c...
compiling system.c...
compiling SysTick.c...
compiling misc.c...
compiling stm32f10x_gpio.c...
compiling stm32f10x_rcc.c...
compiling stm32f10x_spi.c...
linking...
Program Size: Code=8616 RO-data=284 RW-data=28 ZI-data=612  
"fingerprint_lock.axf" - 0 Error(s), 1 Warning(s).
